// Jest Snapshot v1, https://goo.gl/fbAQLP

exports[`Testing al cliente Es Hernan David 1`] = `
Object {
  "balance": 500,
  "nombre": "Hernan d",
  "tipo": "Premium",
}
`;
